design                                ch  res  best_TM  best_id  verdict
--------------------------------------------------------------------------------------
bg01_r01_boltzgen_egfr_d3_27.pdb       A  158    0.653    0.131  FAIL structure  <- 7cbc-assembly2_B
bg01_r02_boltzgen_egfr_d3_22.pdb       A  155    0.672    0.143  FAIL structure  <- 3sn6-assembly1_A
bg01_r03_boltzgen_egfr_d3_08.pdb       A  151    0.671    0.316  FAIL struct+seq  <- 4b5z-assembly1_A
bg01_r04_boltzgen_egfr_d3_35.pdb       A  135    0.907    0.733  FAIL struct+seq  <- 6ey6-assembly1_J
bg01_r05_boltzgen_egfr_d3_21.pdb       A  158    0.632    0.137  FAIL structure  <- 7qx5-assembly1_A
bg01_r06_boltzgen_egfr_d3_39.pdb       A  128    0.951    0.723  FAIL struct+seq  <- 9g7k-assembly1_D
bg01_r07_boltzgen_egfr_d3_47.pdb       A  123    0.976    0.778  FAIL struct+seq  <- 6waq-assembly2_C
bg01_r08_boltzgen_egfr_d3_58.pdb       A  131    0.942    0.755  FAIL struct+seq  <- 5lhq-assembly1_B
bg01_r09_boltzgen_egfr_d3_10.pdb       A  120    0.980    0.842  FAIL struct+seq  <- 7t86-assembly3_D
bg01_r10_boltzgen_egfr_d3_29.pdb       A  130    0.950    0.776  FAIL struct+seq  <- 8ybo-assembly2_D
bg01_r11_boltzgen_egfr_d3_31.pdb       A  128    0.943    0.765  FAIL struct+seq  <- 8d47-assembly1_H
bg01_r12_boltzgen_egfr_d3_05.pdb       A  123    0.973    0.816  FAIL struct+seq  <- 6zwk-assembly6_F
bg01_r13_boltzgen_egfr_d3_11.pdb       A  136    0.901    0.733  FAIL struct+seq  <- 7na9-assembly1_D
bg01_r14_boltzgen_egfr_d3_57.pdb       A  129    0.907    0.751  FAIL struct+seq  <- 9g7k-assembly1_D
bg01_r15_boltzgen_egfr_d3_30.pdb       A  160    0.619    0.153  FAIL structure  <- 7ba2-assembly1_A
bg01_r16_boltzgen_egfr_d3_46.pdb       A  121    0.947    0.776  FAIL struct+seq  <- 7xic-assembly1_E
bg01_r17_boltzgen_egfr_d3_15.pdb       A  134    0.920    0.753  FAIL struct+seq  <- 8cyj-assembly1_C
bg01_r18_boltzgen_egfr_d3_17.pdb       A  127    0.960    0.826  FAIL struct+seq  <- 9g7k-assembly1_D
bg01_r19_boltzgen_egfr_d3_00.pdb       A  142    0.882    0.702  FAIL struct+seq  <- 5lhq-assembly1_B
bg01_r20_boltzgen_egfr_d3_03.pdb       A  139    0.901    0.724  FAIL struct+seq  <- 5lhq-assembly1_B
bg01_r21_boltzgen_egfr_d3_51.pdb       A  136    0.899    0.669  FAIL struct+seq  <- 9g7k-assembly1_D
bg01_r22_boltzgen_egfr_d3_23.pdb       A  130    0.951    0.776  FAIL struct+seq  <- 7na9-assembly1_D
bg01_r23_boltzgen_egfr_d3_02.pdb       A  156    0.994    0.752  FAIL struct+seq  <- 5ma4-assembly1_A
bg01_r24_boltzgen_egfr_d3_13.pdb       A  120    0.974    0.816  FAIL struct+seq  <- 6t2j-assembly1_A
bg01_r25_boltzgen_egfr_d3_28.pdb       A  131    0.928    0.770  FAIL struct+seq  <- 8ybo-assembly2_D
bg01_r26_boltzgen_egfr_d3_24.pdb       A  123    0.961    0.804  FAIL struct+seq  <- 8c67-assembly1_H
bg01_r27_boltzgen_egfr_d3_32.pdb       A  148    0.636    0.258  FAIL structure  <- 4ofq-assembly2_B
bg01_r28_boltzgen_egfr_d3_20.pdb       A  135    0.925    0.746  FAIL struct+seq  <- 9g7k-assembly1_D
bg01_r29_boltzgen_egfr_d3_14.pdb       A  144    0.912    0.746  FAIL struct+seq  <- 5bk3-assembly2_A
bg01_r30_boltzgen_egfr_d3_41.pdb       A  136    0.919    0.691  FAIL struct+seq  <- 9g7k-assembly1_D
bg02_r01_boltzgen_egfr_d3_11.pdb       A  156    0.616    0.122  FAIL structure  <- 3la6-assembly1_H
bg02_r02_boltzgen_egfr_d3_21.pdb       A  149    0.700    0.257  FAIL structure  <- 7wwo-assembly1_A
bg02_r03_boltzgen_egfr_d3_29.pdb       A  152    0.615    0.157  FAIL structure  <- 7k6v-assembly1_EC
bg02_r04_boltzgen_egfr_d3_04.pdb       A  142    0.886    0.742  FAIL struct+seq  <- 9g7k-assembly1_D
bg02_r05_boltzgen_egfr_d3_09.pdb       A  138    0.879    0.733  FAIL struct+seq  <- 9g7k-assembly1_D
bg02_r06_boltzgen_egfr_d3_55.pdb       A  127    0.940    0.769  FAIL struct+seq  <- 6rnk-assembly1_B
bg02_r07_boltzgen_egfr_d3_14.pdb       A  124    0.969    0.796  FAIL struct+seq  <- 7na9-assembly1_D
bg02_r08_boltzgen_egfr_d3_06.pdb       A  160    0.671    0.165  FAIL structure  <- 1krm-assembly1_A
bg02_r09_boltzgen_egfr_d3_52.pdb       A  148    0.568    0.139  FAIL structure  <- 6kxu-assembly2_B
bg02_r10_boltzgen_egfr_d3_33.pdb       A  126    0.959    0.779  FAIL struct+seq  <- 7na9-assembly1_D
bg02_r11_boltzgen_egfr_d3_39.pdb       A  130    0.934    0.763  FAIL struct+seq  <- 9g7k-assembly1_D
bg02_r12_boltzgen_egfr_d3_51.pdb       A  131    0.926    0.717  FAIL struct+seq  <- 9g7k-assembly1_D
bg02_r13_boltzgen_egfr_d3_42.pdb       A  120    0.978    0.825  FAIL struct+seq  <- 5odb-assembly1_A
bg02_r14_boltzgen_egfr_d3_08.pdb       A  134    0.940    0.753  FAIL struct+seq  <- 5lhq-assembly1_B
bg02_r15_boltzgen_egfr_d3_22.pdb       A  139    0.900    0.724  FAIL struct+seq  <- 5lhq-assembly1_B
bg02_r16_boltzgen_egfr_d3_13.pdb       A  124    0.964    0.808  FAIL struct+seq  <- 1w72-assembly2_I
bg02_r17_boltzgen_egfr_d3_20.pdb       A  129    0.958    0.806  FAIL struct+seq  <- 5lhq-assembly1_B
bg02_r18_boltzgen_egfr_d3_10.pdb       A  132    0.941    0.750  FAIL struct+seq  <- 5lhq-assembly1_B
bg02_r19_boltzgen_egfr_d3_18.pdb       A  124    0.973    0.822  FAIL struct+seq  <- 8t7r-assembly1_Z
bg02_r20_boltzgen_egfr_d3_24.pdb       A  150    0.658    0.229  FAIL structure  <- 7wwo-assembly1_A
bg02_r21_boltzgen_egfr_d3_02.pdb       A  137    0.905    0.713  FAIL struct+seq  <- 5lhq-assembly1_B
bg02_r22_boltzgen_egfr_d3_00.pdb       A  155    0.681    0.124  FAIL structure  <- 6akt-assembly1_C
bg02_r23_boltzgen_egfr_d3_37.pdb       A  144    0.865    0.714  FAIL struct+seq  <- 7na9-assembly1_D
bg02_r24_boltzgen_egfr_d3_38.pdb       A  131    0.934    0.755  FAIL struct+seq  <- 9g7k-assembly1_D
bg02_r25_boltzgen_egfr_d3_01.pdb       A  130    0.935    0.761  FAIL struct+seq  <- 6ey6-assembly1_J
bg02_r26_boltzgen_egfr_d3_46.pdb       A  122    0.955    0.725  FAIL struct+seq  <- 6rnk-assembly1_B
bg02_r27_boltzgen_egfr_d3_44.pdb       A  141    0.636    0.443  FAIL struct+seq  <- 8ezk-assembly2_I
bg02_r28_boltzgen_egfr_d3_16.pdb       A  139    0.875    0.733  FAIL struct+seq  <- 6j9o-assembly1_H
bg02_r29_boltzgen_egfr_d3_41.pdb       A  136    0.915    0.720  FAIL struct+seq  <- 7na9-assembly1_D
bg02_r30_boltzgen_egfr_d3_03.pdb       A  139    0.921    0.739  FAIL struct+seq  <- 7phw-assembly2_E
bg03_r01_boltzgen_egfr_d3_05.pdb       A  137    0.904    0.693  FAIL struct+seq  <- 9g7k-assembly1_D
bg03_r02_boltzgen_egfr_d3_57.pdb       A  126    0.956    0.833  FAIL struct+seq  <- 8ybo-assembly2_D
bg03_r03_boltzgen_egfr_d3_08.pdb       A  130    0.947    0.776  FAIL struct+seq  <- 9g7k-assembly1_D
bg03_r04_boltzgen_egfr_d3_17.pdb       A  156    0.701    0.120  FAIL structure  <- 4do7-assembly2_B
bg03_r05_boltzgen_egfr_d3_26.pdb       A  136    0.903    0.727  FAIL struct+seq  <- 3u46-assembly1_H
bg03_r06_boltzgen_egfr_d3_25.pdb       A  122    0.966    0.816  FAIL struct+seq  <- 5nbm-assembly1_F
bg03_r07_boltzgen_egfr_d3_28.pdb       A  157    0.618    0.125  FAIL structure  <- 7f5u-assembly1_A
bg03_r08_boltzgen_egfr_d3_21.pdb       A  153    0.745    0.139  FAIL structure  <- 8szt-assembly1_D-2
bg03_r09_boltzgen_egfr_d3_31.pdb       A  128    0.956    0.763  FAIL struct+seq  <- 6zwk-assembly6_F
bg03_r10_boltzgen_egfr_d3_12.pdb       A  128    0.953    0.789  FAIL struct+seq  <- 7na9-assembly1_D
bg03_r11_boltzgen_egfr_d3_15.pdb       A  121    0.984    0.833  FAIL struct+seq  <- 6zwk-assembly6_F
bg03_r12_boltzgen_egfr_d3_10.pdb       A  122    0.980    0.809  FAIL struct+seq  <- 6zwk-assembly6_F
bg03_r13_boltzgen_egfr_d3_30.pdb       A  147    0.621    0.319  FAIL struct+seq  <- 6wzn-assembly1_A
bg03_r14_boltzgen_egfr_d3_03.pdb       A  140    0.879    0.728  FAIL struct+seq  <- 9g7k-assembly1_D
bg03_r15_boltzgen_egfr_d3_41.pdb       A  142    0.844    0.648  FAIL struct+seq  <- 7na9-assembly1_D
bg03_r16_boltzgen_egfr_d3_02.pdb       A  149    0.804    0.669  FAIL struct+seq  <- 6rul-assembly1_A
bg03_r17_boltzgen_egfr_d3_48.pdb       A  139    0.883    0.661  FAIL struct+seq  <- 9g7k-assembly1_D
bg03_r18_boltzgen_egfr_d3_37.pdb       A  131    0.939    0.763  FAIL struct+seq  <- 9g7k-assembly1_D
bg03_r19_boltzgen_egfr_d3_55.pdb       A  131    0.939    0.717  FAIL struct+seq  <- 9g7k-assembly1_D
bg03_r20_boltzgen_egfr_d3_20.pdb       A  144    0.890    0.707  FAIL struct+seq  <- 8g8w-assembly1_B
bg03_r21_boltzgen_egfr_d3_59.pdb       A  132    0.929    0.757  FAIL struct+seq  <- 5lhq-assembly1_B
bg03_r22_boltzgen_egfr_d3_47.pdb       A  120    0.977    0.804  FAIL struct+seq  <- 7djy-assembly1_A
bg03_r23_boltzgen_egfr_d3_27.pdb       A  153    0.872    0.313  FAIL struct+seq  <- 6veh-assembly1_A
bg03_r24_boltzgen_egfr_d3_39.pdb       A  123    0.961    0.814  FAIL struct+seq  <- 7x2k-assembly1_B
bg03_r25_boltzgen_egfr_d3_11.pdb       A  145    0.869    0.641  FAIL struct+seq  <- 4dcq-assembly1_B
bg03_r26_boltzgen_egfr_d3_00.pdb       A  144    0.866    0.734  FAIL struct+seq  <- 8s0m-assembly2_V
bg03_r27_boltzgen_egfr_d3_16.pdb       A  125    0.973    0.832  FAIL struct+seq  <- 4lgs-assembly1_B
bg03_r28_boltzgen_egfr_d3_09.pdb       A  149    0.602    0.213  FAIL structure  <- 6k4z-assembly2_B
bg03_r29_boltzgen_egfr_d3_45.pdb       A  142    0.828    0.636  FAIL struct+seq  <- 4fql-assembly1_H
bg03_r30_boltzgen_egfr_d3_04.pdb       A  154    0.693    0.148  FAIL structure  <- 3hr6-assembly1_A
bg04_r01_boltzgen_egfr_d3_21.pdb       A  155    0.685    0.143  FAIL structure  <- 1wky-assembly1_A
bg04_r02_boltzgen_egfr_d3_29.pdb       A  129    0.946    0.782  FAIL struct+seq  <- 5lhq-assembly1_B
bg04_r03_boltzgen_egfr_d3_00.pdb       A  159    0.711    0.173  FAIL structure  <- 3e8z-assembly1_C
bg04_r04_boltzgen_egfr_d3_27.pdb       A  154    0.672    0.133  FAIL structure  <- 3l77-assembly1_A
bg04_r05_boltzgen_egfr_d3_08.pdb       A  150    0.667    0.121  FAIL structure  <- 5yhu-assembly1_A
bg04_r06_boltzgen_egfr_d3_28.pdb       A  148    0.685    0.533  FAIL struct+seq  <- 8f9u-assembly1_A
bg04_r07_boltzgen_egfr_d3_01.pdb       A  153    0.723    0.227  FAIL structure  <- 7fe6-assembly1_C
bg04_r08_boltzgen_egfr_d3_07.pdb       A  128    0.945    0.773  FAIL struct+seq  <- 4lgs-assembly1_B
bg04_r09_boltzgen_egfr_d3_52.pdb       A  128    0.945    0.820  FAIL struct+seq  <- 7phw-assembly2_E
bg04_r10_boltzgen_egfr_d3_25.pdb       A  128    0.963    0.781  FAIL struct+seq  <- 7kqk-assembly2_H
bg04_r11_boltzgen_egfr_d3_12.pdb       A  122    0.964    0.844  FAIL struct+seq  <- 6t2j-assembly1_A
bg04_r12_boltzgen_egfr_d3_15.pdb       A  123    0.975    0.824  FAIL struct+seq  <- 6waq-assembly2_C
bg04_r13_boltzgen_egfr_d3_19.pdb       A  154    0.686    0.145  FAIL structure  <- 6zns-assembly1_A
bg04_r14_boltzgen_egfr_d3_26.pdb       A  129    0.956    0.782  FAIL struct+seq  <- 4tvs-assembly2_b
bg04_r15_boltzgen_egfr_d3_45.pdb       A  130    0.944    0.759  FAIL struct+seq  <- 7na9-assembly1_D
bg04_r16_boltzgen_egfr_d3_47.pdb       A  123    0.962    0.790  FAIL struct+seq  <- 6zwk-assembly6_F
bg04_r17_boltzgen_egfr_d3_16.pdb       A  129    0.958    0.790  FAIL struct+seq  <- 4lgs-assembly1_B
bg04_r18_boltzgen_egfr_d3_06.pdb       A  128    0.953    0.773  FAIL struct+seq  <- 6zwk-assembly6_F
bg04_r19_boltzgen_egfr_d3_59.pdb       A  133    0.918    0.639  FAIL struct+seq  <- 9g7k-assembly1_D
bg04_r20_boltzgen_egfr_d3_35.pdb       A  135    0.915    0.683  FAIL struct+seq  <- 9g7k-assembly1_D
bg04_r21_boltzgen_egfr_d3_56.pdb       A  132    0.889    0.727  FAIL struct+seq  <- 4lgs-assembly1_B
bg04_r22_boltzgen_egfr_d3_39.pdb       A  139    0.889    0.714  FAIL struct+seq  <- 9g7k-assembly1_D
bg04_r23_boltzgen_egfr_d3_03.pdb       A  124    0.945    0.838  FAIL struct+seq  <- 6waq-assembly2_C
bg04_r24_boltzgen_egfr_d3_54.pdb       A  131    0.923    0.748  FAIL struct+seq  <- 5lhq-assembly1_B
bg04_r25_boltzgen_egfr_d3_02.pdb       A  132    0.937    0.746  FAIL struct+seq  <- 9g7k-assembly1_D
bg04_r26_boltzgen_egfr_d3_09.pdb       A  127    0.959    0.811  FAIL struct+seq  <- 6waq-assembly2_C
bg04_r27_boltzgen_egfr_d3_55.pdb       A  123    0.973    0.790  FAIL struct+seq  <- 6zwk-assembly6_F
bg04_r28_boltzgen_egfr_d3_10.pdb       A  132    0.921    0.780  FAIL struct+seq  <- 4tvs-assembly2_b
bg04_r29_boltzgen_egfr_d3_49.pdb       A  141    0.809    0.567  FAIL struct+seq  <- 5n88-assembly2_A
bg04_r30_boltzgen_egfr_d3_32.pdb       A  146    0.696    0.352  FAIL struct+seq  <- 5fx8-assembly1_U
--------------------------------------------------------------------------------------
structural (TM < 0.5):      0/120 = 0.0%
BOTH halves (Level 4):       0/120 = 0.0%
round-2 baseline for comparison: 3.6% structural, 2.8% full Level 4
wrote analysis/01-egfr/novelty_bg120.tsv
