  scored bg01_r01_boltzgen_egfr_d3_27
  scored bg01_r02_boltzgen_egfr_d3_22
  scored bg01_r03_boltzgen_egfr_d3_08
  scored bg01_r04_boltzgen_egfr_d3_35
  scored bg01_r05_boltzgen_egfr_d3_21
  scored bg01_r06_boltzgen_egfr_d3_39
  scored bg01_r07_boltzgen_egfr_d3_47
  scored bg01_r08_boltzgen_egfr_d3_58
  scored bg01_r09_boltzgen_egfr_d3_10
  scored bg01_r10_boltzgen_egfr_d3_29
  scored bg01_r11_boltzgen_egfr_d3_31
  scored bg01_r12_boltzgen_egfr_d3_05
  scored bg01_r13_boltzgen_egfr_d3_11
  scored bg01_r14_boltzgen_egfr_d3_57
  scored bg01_r15_boltzgen_egfr_d3_30
  scored bg01_r16_boltzgen_egfr_d3_46
  scored bg01_r17_boltzgen_egfr_d3_15
  scored bg01_r18_boltzgen_egfr_d3_17
  scored bg01_r19_boltzgen_egfr_d3_00
  scored bg01_r20_boltzgen_egfr_d3_03
  scored bg01_r21_boltzgen_egfr_d3_51
  scored bg01_r22_boltzgen_egfr_d3_23
  scored bg01_r23_boltzgen_egfr_d3_02
  scored bg01_r24_boltzgen_egfr_d3_13
  scored bg01_r25_boltzgen_egfr_d3_28
  scored bg01_r26_boltzgen_egfr_d3_24
  scored bg01_r27_boltzgen_egfr_d3_32
  scored bg01_r28_boltzgen_egfr_d3_20
  scored bg01_r29_boltzgen_egfr_d3_14
  scored bg01_r30_boltzgen_egfr_d3_41
  scored bg02_r01_boltzgen_egfr_d3_11
  scored bg02_r02_boltzgen_egfr_d3_21
  scored bg02_r03_boltzgen_egfr_d3_29
  scored bg02_r04_boltzgen_egfr_d3_04
  scored bg02_r05_boltzgen_egfr_d3_09
  scored bg02_r06_boltzgen_egfr_d3_55
  scored bg02_r07_boltzgen_egfr_d3_14
  scored bg02_r08_boltzgen_egfr_d3_06
  scored bg02_r09_boltzgen_egfr_d3_52
  scored bg02_r10_boltzgen_egfr_d3_33
  scored bg02_r11_boltzgen_egfr_d3_39
  scored bg02_r12_boltzgen_egfr_d3_51
  scored bg02_r13_boltzgen_egfr_d3_42
  scored bg02_r14_boltzgen_egfr_d3_08
  scored bg02_r15_boltzgen_egfr_d3_22
  scored bg02_r16_boltzgen_egfr_d3_13
  scored bg02_r17_boltzgen_egfr_d3_20
  scored bg02_r18_boltzgen_egfr_d3_10
  scored bg02_r19_boltzgen_egfr_d3_18
  scored bg02_r20_boltzgen_egfr_d3_24
  scored bg02_r21_boltzgen_egfr_d3_02
  scored bg02_r22_boltzgen_egfr_d3_00
  scored bg02_r23_boltzgen_egfr_d3_37
  scored bg02_r24_boltzgen_egfr_d3_38
  scored bg02_r25_boltzgen_egfr_d3_01
  scored bg02_r26_boltzgen_egfr_d3_46
  scored bg02_r27_boltzgen_egfr_d3_44
  scored bg02_r28_boltzgen_egfr_d3_16
  scored bg02_r29_boltzgen_egfr_d3_41
  scored bg02_r30_boltzgen_egfr_d3_03
  scored bg03_r01_boltzgen_egfr_d3_05
  scored bg03_r02_boltzgen_egfr_d3_57
  scored bg03_r03_boltzgen_egfr_d3_08
  scored bg03_r04_boltzgen_egfr_d3_17
  scored bg03_r05_boltzgen_egfr_d3_26
  scored bg03_r06_boltzgen_egfr_d3_25
  scored bg03_r07_boltzgen_egfr_d3_28
  scored bg03_r08_boltzgen_egfr_d3_21
  scored bg03_r09_boltzgen_egfr_d3_31
  scored bg03_r10_boltzgen_egfr_d3_12
  scored bg03_r11_boltzgen_egfr_d3_15
  scored bg03_r12_boltzgen_egfr_d3_10
  scored bg03_r13_boltzgen_egfr_d3_30
  scored bg03_r14_boltzgen_egfr_d3_03
  scored bg03_r15_boltzgen_egfr_d3_41
  scored bg03_r16_boltzgen_egfr_d3_02
  scored bg03_r17_boltzgen_egfr_d3_48
  scored bg03_r18_boltzgen_egfr_d3_37
  scored bg03_r19_boltzgen_egfr_d3_55
  scored bg03_r20_boltzgen_egfr_d3_20
  scored bg03_r21_boltzgen_egfr_d3_59
  scored bg03_r22_boltzgen_egfr_d3_47
  scored bg03_r23_boltzgen_egfr_d3_27
  scored bg03_r24_boltzgen_egfr_d3_39
  scored bg03_r25_boltzgen_egfr_d3_11
  scored bg03_r26_boltzgen_egfr_d3_00
  scored bg03_r27_boltzgen_egfr_d3_16
  scored bg03_r28_boltzgen_egfr_d3_09
  scored bg03_r29_boltzgen_egfr_d3_45
  scored bg03_r30_boltzgen_egfr_d3_04
  scored bg04_r01_boltzgen_egfr_d3_21
  scored bg04_r02_boltzgen_egfr_d3_29
  scored bg04_r03_boltzgen_egfr_d3_00
  scored bg04_r04_boltzgen_egfr_d3_27
  scored bg04_r05_boltzgen_egfr_d3_08
  scored bg04_r06_boltzgen_egfr_d3_28
  scored bg04_r07_boltzgen_egfr_d3_01
  scored bg04_r08_boltzgen_egfr_d3_07
  scored bg04_r09_boltzgen_egfr_d3_52
  scored bg04_r10_boltzgen_egfr_d3_25
  scored bg04_r11_boltzgen_egfr_d3_12
  scored bg04_r12_boltzgen_egfr_d3_15
  scored bg04_r13_boltzgen_egfr_d3_19
  scored bg04_r14_boltzgen_egfr_d3_26
  scored bg04_r15_boltzgen_egfr_d3_45
  scored bg04_r16_boltzgen_egfr_d3_47
  scored bg04_r17_boltzgen_egfr_d3_16
  scored bg04_r18_boltzgen_egfr_d3_06
  scored bg04_r19_boltzgen_egfr_d3_59
  scored bg04_r20_boltzgen_egfr_d3_35
  scored bg04_r21_boltzgen_egfr_d3_56
  scored bg04_r22_boltzgen_egfr_d3_39
  scored bg04_r23_boltzgen_egfr_d3_03
  scored bg04_r24_boltzgen_egfr_d3_54
  scored bg04_r25_boltzgen_egfr_d3_02
  scored bg04_r26_boltzgen_egfr_d3_09
  scored bg04_r27_boltzgen_egfr_d3_55
  scored bg04_r28_boltzgen_egfr_d3_10
  scored bg04_r29_boltzgen_egfr_d3_49
  scored bg04_r30_boltzgen_egfr_d3_32
design                               His  pKa_free  pKa_bound   delta   ratio  verdict
--------------------------------------------------------------------------------------------
bg02_r01_boltzgen_egfr_d3_11         140      6.10       6.12   +0.02   1.01x  PASS - acid strengthens
bg01_r23_boltzgen_egfr_d3_02         121      6.08       6.09   +0.01   1.00x  PASS - acid strengthens
bg01_r03_boltzgen_egfr_d3_08         140      5.56       5.56   +0.00   1.00x  fail - acid weakens
bg01_r05_boltzgen_egfr_d3_21          72      6.93       6.93   +0.00   1.00x  fail - acid weakens
bg01_r23_boltzgen_egfr_d3_02          55      6.12       6.12   +0.00   1.00x  fail - acid weakens
bg01_r23_boltzgen_egfr_d3_02          88      6.44       6.44   +0.00   1.00x  fail - acid weakens
bg01_r23_boltzgen_egfr_d3_02         154      6.60       6.60   +0.00   1.00x  fail - acid weakens
bg02_r03_boltzgen_egfr_d3_29          41      6.62       6.62   +0.00   1.00x  fail - acid weakens
bg03_r13_boltzgen_egfr_d3_30         110      5.08       5.08   +0.00   1.00x  fail - acid weakens
bg04_r03_boltzgen_egfr_d3_00         134      4.68       4.68   +0.00   1.00x  fail - acid weakens
bg04_r04_boltzgen_egfr_d3_27         150      5.91       5.91   +0.00   1.00x  fail - acid weakens
bg04_r13_boltzgen_egfr_d3_19          90      6.54       6.54   +0.00   1.00x  fail - acid weakens
bg04_r13_boltzgen_egfr_d3_19         124      5.82       5.82   +0.00   1.00x  fail - acid weakens
bg01_r23_boltzgen_egfr_d3_02          38      3.96       3.64   -0.32   1.00x  fail - acid weakens
bg01_r23_boltzgen_egfr_d3_02          71      4.70       4.65   -0.05   1.00x  fail - acid weakens
bg03_r05_boltzgen_egfr_d3_26          35      3.37       2.45   -0.92   1.00x  fail - acid weakens
bg01_r23_boltzgen_egfr_d3_02         104      5.17       5.15   -0.02   1.00x  fail - acid weakens
bg01_r30_boltzgen_egfr_d3_41          32      5.29       5.26   -0.03   1.00x  fail - acid weakens
bg03_r24_boltzgen_egfr_d3_39          35      4.06       2.69   -1.37   1.00x  fail - acid weakens
bg04_r30_boltzgen_egfr_d3_32         110      5.74       5.73   -0.01   1.00x  fail - acid weakens
bg03_r08_boltzgen_egfr_d3_21         102      6.05       6.04   -0.01   0.99x  fail - acid weakens
bg03_r07_boltzgen_egfr_d3_28         102      6.21       6.20   -0.01   0.99x  fail - acid weakens
bg03_r08_boltzgen_egfr_d3_21          56      6.01       5.99   -0.02   0.99x  fail - acid weakens
bg02_r22_boltzgen_egfr_d3_00         132      6.08       6.06   -0.02   0.99x  fail - acid weakens
bg03_r25_boltzgen_egfr_d3_11          46      4.58       3.29   -1.29   0.99x  fail - acid weakens
bg03_r04_boltzgen_egfr_d3_17          59      5.61       5.56   -0.05   0.99x  fail - acid weakens
bg02_r26_boltzgen_egfr_d3_46          32      6.03       6.00   -0.03   0.99x  fail - acid weakens
bg03_r07_boltzgen_egfr_d3_28         143      5.30       5.11   -0.19   0.98x  fail - acid weakens
bg04_r27_boltzgen_egfr_d3_55          32      5.28       4.94   -0.34   0.97x  fail - acid weakens
bg03_r15_boltzgen_egfr_d3_41          32      5.19       4.54   -0.65   0.97x  fail - acid weakens
bg04_r04_boltzgen_egfr_d3_27         117      6.95       6.92   -0.03   0.97x  fail - acid weakens
bg01_r01_boltzgen_egfr_d3_27         109      5.31       4.80   -0.51   0.96x  fail - acid weakens
bg04_r30_boltzgen_egfr_d3_32          85      5.17       3.89   -1.28   0.96x  fail - acid weakens
bg04_r05_boltzgen_egfr_d3_08          19      6.26       6.18   -0.08   0.95x  fail - acid weakens
bg03_r04_boltzgen_egfr_d3_17          99      5.43       4.32   -1.11   0.94x  fail - acid weakens
bg02_r14_boltzgen_egfr_d3_08          59      5.66       5.07   -0.59   0.92x  fail - acid weakens
bg03_r19_boltzgen_egfr_d3_55          32      5.59       1.58   -4.01   0.90x  fail - acid weakens
bg03_r04_boltzgen_egfr_d3_17         101      5.63       2.29   -3.34   0.90x  fail - acid weakens
bg01_r05_boltzgen_egfr_d3_21          49      5.73       2.75   -2.98   0.87x  fail - acid weakens
bg01_r23_boltzgen_egfr_d3_02         111      5.93       3.96   -1.97   0.82x  fail - acid weakens
bg01_r23_boltzgen_egfr_d3_02          45      5.96       4.32   -1.64   0.81x  fail - acid weakens
bg01_r23_boltzgen_egfr_d3_02          78      6.13       3.27   -2.86   0.74x  fail - acid weakens
bg04_r05_boltzgen_egfr_d3_08          43      6.19       5.04   -1.15   0.73x  fail - acid weakens
bg04_r04_boltzgen_egfr_d3_27          36      6.28       4.14   -2.14   0.67x  fail - acid weakens
bg01_r23_boltzgen_egfr_d3_02         144      6.49       4.26   -2.23   0.57x  fail - acid weakens
bg01_r28_boltzgen_egfr_d3_20         105      6.99       6.34   -0.65   0.53x  fail - acid weakens
bg04_r13_boltzgen_egfr_d3_19           5      6.96       5.67   -1.29   0.40x  fail - acid weakens
--------------------------------------------------------------------------------------------
2/47 binder histidines have pKa_bound > pKa_free (across 26 designs).
wrote analysis/01-egfr/phgate_mechA_bg120.tsv
