design                             pKa_bound   delta   ratio  verdict
------------------------------------------------------------------------------
bg01_r01_boltzgen_egfr_d3_27.pdb        6.17   -0.05   0.97x  FAIL - acid weakens
bg01_r02_boltzgen_egfr_d3_22.pdb        3.87   -2.35   0.70x  FAIL - acid weakens
bg01_r03_boltzgen_egfr_d3_08.pdb        4.37   -1.85   0.70x  FAIL - acid weakens
bg01_r04_boltzgen_egfr_d3_35.pdb        4.37   -1.85   0.70x  FAIL - acid weakens
bg01_r05_boltzgen_egfr_d3_21.pdb        5.35   -0.87   0.74x  FAIL - acid weakens
bg01_r06_boltzgen_egfr_d3_39.pdb        6.49   +0.27   1.23x  PASS - acid strengthens
bg01_r07_boltzgen_egfr_d3_47.pdb        2.44   -3.78   0.70x  FAIL - acid weakens
bg01_r08_boltzgen_egfr_d3_58.pdb        5.23   -0.99   0.73x  FAIL - acid weakens
bg01_r09_boltzgen_egfr_d3_10.pdb        2.93   -3.29   0.70x  FAIL - acid weakens
bg01_r10_boltzgen_egfr_d3_29.pdb        5.33   -0.89   0.74x  FAIL - acid weakens
bg01_r11_boltzgen_egfr_d3_31.pdb        5.96   -0.26   0.87x  FAIL - acid weakens
bg01_r12_boltzgen_egfr_d3_05.pdb        4.95   -1.27   0.72x  FAIL - acid weakens
bg01_r13_boltzgen_egfr_d3_11.pdb        4.89   -1.33   0.71x  FAIL - acid weakens
bg01_r14_boltzgen_egfr_d3_57.pdb        2.42   -3.80   0.70x  FAIL - acid weakens
bg01_r15_boltzgen_egfr_d3_30.pdb        5.72   -0.50   0.80x  FAIL - acid weakens
bg01_r16_boltzgen_egfr_d3_46.pdb        4.47   -1.75   0.70x  FAIL - acid weakens
bg01_r17_boltzgen_egfr_d3_15.pdb        4.96   -1.26   0.72x  FAIL - acid weakens
bg01_r18_boltzgen_egfr_d3_17.pdb        7.15   +0.93   2.45x  PASS - acid strengthens
bg01_r19_boltzgen_egfr_d3_00.pdb        6.39   +0.17   1.13x  PASS - acid strengthens
bg01_r20_boltzgen_egfr_d3_03.pdb        5.56   -0.66   0.77x  FAIL - acid weakens
bg01_r21_boltzgen_egfr_d3_51.pdb        6.57   +0.35   1.32x  PASS - acid strengthens
bg01_r22_boltzgen_egfr_d3_23.pdb        3.68   -2.54   0.70x  FAIL - acid weakens
bg01_r23_boltzgen_egfr_d3_02.pdb        5.52   -0.70   0.76x  FAIL - acid weakens
bg01_r24_boltzgen_egfr_d3_13.pdb        3.51   -2.71   0.70x  FAIL - acid weakens
bg01_r25_boltzgen_egfr_d3_28.pdb        5.90   -0.32   0.85x  FAIL - acid weakens
bg01_r26_boltzgen_egfr_d3_24.pdb        7.31   +1.09   2.88x  PASS - acid strengthens
bg01_r27_boltzgen_egfr_d3_32.pdb        3.85   -2.37   0.70x  FAIL - acid weakens
bg01_r28_boltzgen_egfr_d3_20.pdb        4.99   -1.23   0.72x  FAIL - acid weakens
bg01_r29_boltzgen_egfr_d3_14.pdb        6.23   +0.01   1.01x  PASS - acid strengthens
bg01_r30_boltzgen_egfr_d3_41.pdb        4.22   -2.00   0.70x  FAIL - acid weakens
bg02_r01_boltzgen_egfr_d3_11.pdb        6.28   +0.06   1.04x  PASS - acid strengthens
bg02_r02_boltzgen_egfr_d3_21.pdb        5.15   -1.07   0.73x  FAIL - acid weakens
bg02_r03_boltzgen_egfr_d3_29.pdb        5.34   -0.88   0.74x  FAIL - acid weakens
bg02_r04_boltzgen_egfr_d3_04.pdb        5.86   -0.36   0.84x  FAIL - acid weakens
bg02_r05_boltzgen_egfr_d3_09.pdb        4.56   -1.66   0.71x  FAIL - acid weakens
bg02_r06_boltzgen_egfr_d3_55.pdb        5.45   -0.77   0.75x  FAIL - acid weakens
bg02_r07_boltzgen_egfr_d3_14.pdb        6.23   +0.01   1.01x  PASS - acid strengthens
bg02_r08_boltzgen_egfr_d3_06.pdb        4.34   -1.88   0.70x  FAIL - acid weakens
bg02_r09_boltzgen_egfr_d3_52.pdb        6.28   +0.06   1.04x  PASS - acid strengthens
bg02_r10_boltzgen_egfr_d3_33.pdb        3.29   -2.93   0.70x  FAIL - acid weakens
bg02_r11_boltzgen_egfr_d3_39.pdb        4.54   -1.68   0.71x  FAIL - acid weakens
bg02_r12_boltzgen_egfr_d3_51.pdb        5.50   -0.72   0.76x  FAIL - acid weakens
bg02_r13_boltzgen_egfr_d3_42.pdb        6.22   +0.00   1.00x  FAIL - acid weakens
bg02_r14_boltzgen_egfr_d3_08.pdb        5.23   -0.99   0.73x  FAIL - acid weakens
bg02_r15_boltzgen_egfr_d3_22.pdb        6.39   +0.17   1.13x  PASS - acid strengthens
bg02_r16_boltzgen_egfr_d3_13.pdb        4.69   -1.53   0.71x  FAIL - acid weakens
bg02_r17_boltzgen_egfr_d3_20.pdb        4.95   -1.27   0.72x  FAIL - acid weakens
bg02_r18_boltzgen_egfr_d3_10.pdb        5.33   -0.89   0.74x  FAIL - acid weakens
bg02_r19_boltzgen_egfr_d3_18.pdb        3.33   -2.89   0.70x  FAIL - acid weakens
bg02_r20_boltzgen_egfr_d3_24.pdb        4.00   -2.22   0.70x  FAIL - acid weakens
bg02_r21_boltzgen_egfr_d3_02.pdb        4.86   -1.36   0.71x  FAIL - acid weakens
bg02_r22_boltzgen_egfr_d3_00.pdb        7.01   +0.79   2.10x  PASS - acid strengthens
bg02_r23_boltzgen_egfr_d3_37.pdb        5.85   -0.37   0.83x  FAIL - acid weakens
bg02_r24_boltzgen_egfr_d3_38.pdb        5.30   -0.92   0.74x  FAIL - acid weakens
bg02_r25_boltzgen_egfr_d3_01.pdb        5.41   -0.81   0.75x  FAIL - acid weakens
bg02_r26_boltzgen_egfr_d3_46.pdb        5.98   -0.24   0.88x  FAIL - acid weakens
bg02_r27_boltzgen_egfr_d3_44.pdb        7.45   +1.23   3.27x  PASS - acid strengthens
bg02_r28_boltzgen_egfr_d3_16.pdb        5.24   -0.98   0.73x  FAIL - acid weakens
bg02_r29_boltzgen_egfr_d3_41.pdb        1.50   -4.72   0.70x  FAIL - acid weakens
bg02_r30_boltzgen_egfr_d3_03.pdb        5.81   -0.41   0.82x  FAIL - acid weakens
bg03_r01_boltzgen_egfr_d3_05.pdb        4.96   -1.26   0.72x  FAIL - acid weakens
bg03_r02_boltzgen_egfr_d3_57.pdb        4.84   -1.38   0.71x  FAIL - acid weakens
bg03_r03_boltzgen_egfr_d3_08.pdb        4.33   -1.89   0.70x  FAIL - acid weakens
bg03_r04_boltzgen_egfr_d3_17.pdb        3.14   -3.08   0.70x  FAIL - acid weakens
bg03_r05_boltzgen_egfr_d3_26.pdb        3.59   -2.63   0.70x  FAIL - acid weakens
bg03_r06_boltzgen_egfr_d3_25.pdb        2.65   -3.57   0.70x  FAIL - acid weakens
bg03_r07_boltzgen_egfr_d3_28.pdb        4.23   -1.99   0.70x  FAIL - acid weakens
bg03_r08_boltzgen_egfr_d3_21.pdb        5.29   -0.93   0.74x  FAIL - acid weakens
bg03_r09_boltzgen_egfr_d3_31.pdb        6.23   +0.01   1.01x  PASS - acid strengthens
bg03_r10_boltzgen_egfr_d3_12.pdb        4.86   -1.36   0.71x  FAIL - acid weakens
bg03_r11_boltzgen_egfr_d3_15.pdb        3.69   -2.53   0.70x  FAIL - acid weakens
bg03_r12_boltzgen_egfr_d3_10.pdb        5.19   -1.03   0.73x  FAIL - acid weakens
bg03_r13_boltzgen_egfr_d3_30.pdb        5.94   -0.28   0.86x  FAIL - acid weakens
bg03_r14_boltzgen_egfr_d3_03.pdb        6.04   -0.18   0.90x  FAIL - acid weakens
bg03_r15_boltzgen_egfr_d3_41.pdb        6.23   +0.01   1.01x  PASS - acid strengthens
bg03_r16_boltzgen_egfr_d3_02.pdb        4.72   -1.50   0.71x  FAIL - acid weakens
bg03_r17_boltzgen_egfr_d3_48.pdb        3.75   -2.47   0.70x  FAIL - acid weakens
bg03_r18_boltzgen_egfr_d3_37.pdb        6.22   +0.00   1.00x  FAIL - acid weakens
bg03_r19_boltzgen_egfr_d3_55.pdb        3.84   -2.38   0.70x  FAIL - acid weakens
bg03_r20_boltzgen_egfr_d3_20.pdb        7.71   +1.49   3.96x  PASS - acid strengthens
bg03_r21_boltzgen_egfr_d3_59.pdb        3.63   -2.59   0.70x  FAIL - acid weakens
bg03_r22_boltzgen_egfr_d3_47.pdb        4.13   -2.09   0.70x  FAIL - acid weakens
bg03_r23_boltzgen_egfr_d3_27.pdb        4.60   -1.62   0.71x  FAIL - acid weakens
bg03_r24_boltzgen_egfr_d3_39.pdb        6.22   +0.00   1.00x  FAIL - acid weakens
bg03_r25_boltzgen_egfr_d3_11.pdb        4.63   -1.59   0.71x  FAIL - acid weakens
bg03_r26_boltzgen_egfr_d3_00.pdb        5.79   -0.43   0.82x  FAIL - acid weakens
bg03_r27_boltzgen_egfr_d3_16.pdb        3.97   -2.25   0.70x  FAIL - acid weakens
bg03_r28_boltzgen_egfr_d3_09.pdb        6.19   -0.03   0.98x  FAIL - acid weakens
bg03_r29_boltzgen_egfr_d3_45.pdb        2.62   -3.60   0.70x  FAIL - acid weakens
bg03_r30_boltzgen_egfr_d3_04.pdb        5.05   -1.17   0.72x  FAIL - acid weakens
bg04_r01_boltzgen_egfr_d3_21.pdb        5.33   -0.89   0.74x  FAIL - acid weakens
bg04_r02_boltzgen_egfr_d3_29.pdb        5.27   -0.95   0.73x  FAIL - acid weakens
bg04_r03_boltzgen_egfr_d3_00.pdb        7.16   +0.94   2.47x  PASS - acid strengthens
bg04_r04_boltzgen_egfr_d3_27.pdb        4.50   -1.72   0.71x  FAIL - acid weakens
bg04_r05_boltzgen_egfr_d3_08.pdb        6.86   +0.64   1.79x  PASS - acid strengthens
bg04_r06_boltzgen_egfr_d3_28.pdb        3.18   -3.04   0.70x  FAIL - acid weakens
bg04_r07_boltzgen_egfr_d3_01.pdb        3.78   -2.44   0.70x  FAIL - acid weakens
bg04_r08_boltzgen_egfr_d3_07.pdb        3.00   -3.22   0.70x  FAIL - acid weakens
bg04_r09_boltzgen_egfr_d3_52.pdb        4.69   -1.53   0.71x  FAIL - acid weakens
bg04_r10_boltzgen_egfr_d3_25.pdb        3.20   -3.02   0.70x  FAIL - acid weakens
bg04_r11_boltzgen_egfr_d3_12.pdb        6.41   +0.19   1.15x  PASS - acid strengthens
bg04_r12_boltzgen_egfr_d3_15.pdb        2.58   -3.64   0.70x  FAIL - acid weakens
bg04_r13_boltzgen_egfr_d3_19.pdb        5.89   -0.33   0.84x  FAIL - acid weakens
bg04_r14_boltzgen_egfr_d3_26.pdb        1.85   -4.37   0.70x  FAIL - acid weakens
bg04_r15_boltzgen_egfr_d3_45.pdb        3.76   -2.46   0.70x  FAIL - acid weakens
bg04_r16_boltzgen_egfr_d3_47.pdb        5.62   -0.60   0.78x  FAIL - acid weakens
bg04_r17_boltzgen_egfr_d3_16.pdb        3.91   -2.31   0.70x  FAIL - acid weakens
bg04_r18_boltzgen_egfr_d3_06.pdb        3.57   -2.65   0.70x  FAIL - acid weakens
bg04_r19_boltzgen_egfr_d3_59.pdb        5.72   -0.50   0.80x  FAIL - acid weakens
bg04_r20_boltzgen_egfr_d3_35.pdb        6.89   +0.67   1.85x  PASS - acid strengthens
bg04_r21_boltzgen_egfr_d3_56.pdb        6.24   +0.02   1.01x  PASS - acid strengthens
bg04_r22_boltzgen_egfr_d3_39.pdb        4.38   -1.84   0.70x  FAIL - acid weakens
bg04_r23_boltzgen_egfr_d3_03.pdb        3.66   -2.56   0.70x  FAIL - acid weakens
bg04_r24_boltzgen_egfr_d3_54.pdb        5.23   -0.99   0.73x  FAIL - acid weakens
bg04_r25_boltzgen_egfr_d3_02.pdb        4.75   -1.47   0.71x  FAIL - acid weakens
bg04_r26_boltzgen_egfr_d3_09.pdb        5.00   -1.22   0.72x  FAIL - acid weakens
bg04_r27_boltzgen_egfr_d3_55.pdb        3.69   -2.53   0.70x  FAIL - acid weakens
bg04_r28_boltzgen_egfr_d3_10.pdb        3.63   -2.59   0.70x  FAIL - acid weakens
bg04_r29_boltzgen_egfr_d3_49.pdb        4.27   -1.95   0.70x  FAIL - acid weakens
bg04_r30_boltzgen_egfr_d3_32.pdb        5.55   -0.67   0.77x  FAIL - acid weakens
------------------------------------------------------------------------------
20/120 pass (bound pKa > 6.22).
Reference: cetuximab scores 5.10 / 0.72x -- a FAIL, and it is a real drug.
wrote analysis/01-egfr/phgate_bg120.tsv
