  scored mechA01_r01_boltzgen_egfr_mechA_05
  scored mechA01_r02_boltzgen_egfr_mechA_03
  scored mechA01_r03_boltzgen_egfr_mechA_06
  scored mechA01_r04_boltzgen_egfr_mechA_02
  scored mechA01_r05_boltzgen_egfr_mechA_07
  scored mechA01_r06_boltzgen_egfr_mechA_13
  scored mechA01_r07_boltzgen_egfr_mechA_12
  scored mechA01_r08_boltzgen_egfr_mechA_11
  scored mechA01_r09_boltzgen_egfr_mechA_04
  scored mechA01_r10_boltzgen_egfr_mechA_10
  scored mechA01_r11_boltzgen_egfr_mechA_19
  scored mechA01_r12_boltzgen_egfr_mechA_18
  scored mechA01_r13_boltzgen_egfr_mechA_08
  scored mechA01_r14_boltzgen_egfr_mechA_14
  scored mechA01_r15_boltzgen_egfr_mechA_01
  scored mechA01_r16_boltzgen_egfr_mechA_00
  scored mechA01_r17_boltzgen_egfr_mechA_16
  scored mechA01_r18_boltzgen_egfr_mechA_09
  scored mechA01_r19_boltzgen_egfr_mechA_17
  scored mechA01_r20_boltzgen_egfr_mechA_15
  scored mechA02_r01_boltzgen_egfr_mechA_08
  scored mechA02_r02_boltzgen_egfr_mechA_05
  scored mechA02_r03_boltzgen_egfr_mechA_02
  scored mechA02_r04_boltzgen_egfr_mechA_09
  scored mechA02_r05_boltzgen_egfr_mechA_04
  scored mechA02_r06_boltzgen_egfr_mechA_07
  scored mechA02_r07_boltzgen_egfr_mechA_19
  scored mechA02_r08_boltzgen_egfr_mechA_16
  scored mechA02_r09_boltzgen_egfr_mechA_14
  scored mechA02_r10_boltzgen_egfr_mechA_17
  scored mechA02_r11_boltzgen_egfr_mechA_03
  scored mechA02_r12_boltzgen_egfr_mechA_18
  scored mechA02_r13_boltzgen_egfr_mechA_15
  scored mechA02_r14_boltzgen_egfr_mechA_11
  scored mechA02_r15_boltzgen_egfr_mechA_01
  scored mechA02_r16_boltzgen_egfr_mechA_12
  scored mechA02_r17_boltzgen_egfr_mechA_10
  scored mechA02_r18_boltzgen_egfr_mechA_13
  scored mechA02_r19_boltzgen_egfr_mechA_06
  scored mechA02_r20_boltzgen_egfr_mechA_00
  scored mechAd4_01_r01_boltzgen_egfr_mechA_d4_04
  scored mechAd4_01_r02_boltzgen_egfr_mechA_d4_02
  scored mechAd4_01_r03_boltzgen_egfr_mechA_d4_06
  scored mechAd4_01_r04_boltzgen_egfr_mechA_d4_08
  scored mechAd4_01_r05_boltzgen_egfr_mechA_d4_12
  scored mechAd4_01_r06_boltzgen_egfr_mechA_d4_07
  scored mechAd4_01_r07_boltzgen_egfr_mechA_d4_03
  scored mechAd4_01_r08_boltzgen_egfr_mechA_d4_16
  scored mechAd4_01_r09_boltzgen_egfr_mechA_d4_15
  scored mechAd4_01_r10_boltzgen_egfr_mechA_d4_10
  scored mechAd4_01_r11_boltzgen_egfr_mechA_d4_05
  scored mechAd4_01_r12_boltzgen_egfr_mechA_d4_01
  scored mechAd4_01_r13_boltzgen_egfr_mechA_d4_18
  scored mechAd4_01_r14_boltzgen_egfr_mechA_d4_19
  scored mechAd4_01_r15_boltzgen_egfr_mechA_d4_13
  scored mechAd4_01_r16_boltzgen_egfr_mechA_d4_14
  scored mechAd4_01_r17_boltzgen_egfr_mechA_d4_09
  scored mechAd4_01_r18_boltzgen_egfr_mechA_d4_17
  scored mechAd4_01_r19_boltzgen_egfr_mechA_d4_11
  scored mechAd4_01_r20_boltzgen_egfr_mechA_d4_00
  scored mechAd4_02_r01_boltzgen_egfr_mechA_d4_09
  scored mechAd4_02_r02_boltzgen_egfr_mechA_d4_03
  scored mechAd4_02_r03_boltzgen_egfr_mechA_d4_08
  scored mechAd4_02_r04_boltzgen_egfr_mechA_d4_18
  scored mechAd4_02_r05_boltzgen_egfr_mechA_d4_13
  scored mechAd4_02_r06_boltzgen_egfr_mechA_d4_00
  scored mechAd4_02_r07_boltzgen_egfr_mechA_d4_10
  scored mechAd4_02_r08_boltzgen_egfr_mechA_d4_07
  scored mechAd4_02_r09_boltzgen_egfr_mechA_d4_02
  scored mechAd4_02_r10_boltzgen_egfr_mechA_d4_19
  scored mechAd4_02_r11_boltzgen_egfr_mechA_d4_12
  scored mechAd4_02_r12_boltzgen_egfr_mechA_d4_06
  scored mechAd4_02_r13_boltzgen_egfr_mechA_d4_04
  scored mechAd4_02_r14_boltzgen_egfr_mechA_d4_17
  scored mechAd4_02_r15_boltzgen_egfr_mechA_d4_01
  scored mechAd4_02_r16_boltzgen_egfr_mechA_d4_05
  scored mechAd4_02_r17_boltzgen_egfr_mechA_d4_16
  scored mechAd4_02_r18_boltzgen_egfr_mechA_d4_15
  scored mechAd4_02_r19_boltzgen_egfr_mechA_d4_14
  scored mechAd4_02_r20_boltzgen_egfr_mechA_d4_11
design                               His  pKa_free  pKa_bound   delta   ratio  verdict
--------------------------------------------------------------------------------------------
mechAd4_02_r02_boltzgen_egfr_mechA_d4_03   122      7.25       7.68   +0.43   1.43x  PASS - acid strengthens
mechA02_r03_boltzgen_egfr_mechA_02    62      6.17       6.21   +0.04   1.02x  PASS - acid strengthens
mechA02_r03_boltzgen_egfr_mechA_02    69      6.31       6.32   +0.01   1.01x  PASS - acid strengthens
mechA01_r04_boltzgen_egfr_mechA_02    13      6.43       6.43   +0.00   1.00x  fail - acid weakens
mechA01_r13_boltzgen_egfr_mechA_08    49      6.35       6.35   +0.00   1.00x  fail - acid weakens
mechA02_r03_boltzgen_egfr_mechA_02   135      5.96       5.96   +0.00   1.00x  fail - acid weakens
mechA02_r03_boltzgen_egfr_mechA_02   145      7.01       7.01   +0.00   1.00x  fail - acid weakens
mechA02_r11_boltzgen_egfr_mechA_03    64      6.13       6.13   +0.00   1.00x  fail - acid weakens
mechAd4_01_r10_boltzgen_egfr_mechA_d4_10    91      5.78       5.78   +0.00   1.00x  fail - acid weakens
mechAd4_01_r12_boltzgen_egfr_mechA_d4_01     4      6.39       6.39   +0.00   1.00x  fail - acid weakens
mechAd4_01_r17_boltzgen_egfr_mechA_d4_09    35      3.53       3.38   -0.15   1.00x  fail - acid weakens
mechAd4_02_r01_boltzgen_egfr_mechA_d4_09     2      6.08       6.08   +0.00   1.00x  fail - acid weakens
mechAd4_02_r01_boltzgen_egfr_mechA_d4_09    55      6.49       6.49   +0.00   1.00x  fail - acid weakens
mechAd4_02_r01_boltzgen_egfr_mechA_d4_09    88      6.84       6.84   +0.00   1.00x  fail - acid weakens
mechAd4_02_r01_boltzgen_egfr_mechA_d4_09   121      6.45       6.45   +0.00   1.00x  fail - acid weakens
mechAd4_02_r10_boltzgen_egfr_mechA_d4_19   123      6.30       6.30   +0.00   1.00x  fail - acid weakens
mechAd4_02_r13_boltzgen_egfr_mechA_d4_04    11      5.97       5.97   +0.00   1.00x  fail - acid weakens
mechAd4_02_r01_boltzgen_egfr_mechA_d4_09    71      3.54       2.91   -0.63   1.00x  fail - acid weakens
mechA02_r03_boltzgen_egfr_mechA_02   102      5.49       5.48   -0.01   1.00x  fail - acid weakens
mechAd4_02_r01_boltzgen_egfr_mechA_d4_09   104      4.61       4.32   -0.29   0.99x  fail - acid weakens
mechAd4_02_r01_boltzgen_egfr_mechA_d4_09   154      6.10       6.09   -0.01   0.99x  fail - acid weakens
mechAd4_01_r15_boltzgen_egfr_mechA_d4_13    35      4.70       3.88   -0.82   0.99x  fail - acid weakens
mechA02_r03_boltzgen_egfr_mechA_02    95      4.79       4.18   -0.61   0.99x  fail - acid weakens
mechAd4_01_r18_boltzgen_egfr_mechA_d4_17    80      4.75       3.60   -1.15   0.99x  fail - acid weakens
mechA02_r03_boltzgen_egfr_mechA_02   128      5.78       5.73   -0.05   0.98x  fail - acid weakens
mechAd4_01_r02_boltzgen_egfr_mechA_d4_02    55      5.41       5.29   -0.12   0.98x  fail - acid weakens
mechAd4_02_r01_boltzgen_egfr_mechA_d4_09    38      4.93       3.98   -0.95   0.98x  fail - acid weakens
mechA01_r10_boltzgen_egfr_mechA_10    35      5.80       5.69   -0.11   0.97x  fail - acid weakens
mechA01_r04_boltzgen_egfr_mechA_02    71      5.18       4.31   -0.87   0.96x  fail - acid weakens
mechAd4_02_r01_boltzgen_egfr_mechA_d4_09    45      5.46       5.17   -0.29   0.96x  fail - acid weakens
mechAd4_02_r02_boltzgen_egfr_mechA_d4_03    44      5.61       5.31   -0.30   0.95x  fail - acid weakens
mechA02_r03_boltzgen_egfr_mechA_02    29      5.47       4.85   -0.62   0.94x  fail - acid weakens
mechAd4_02_r12_boltzgen_egfr_mechA_d4_06   129      6.14       6.01   -0.13   0.93x  fail - acid weakens
mechAd4_02_r11_boltzgen_egfr_mechA_d4_12    72      5.50       2.84   -2.66   0.92x  fail - acid weakens
mechAd4_02_r01_boltzgen_egfr_mechA_d4_09   111      5.58       3.79   -1.79   0.91x  fail - acid weakens
mechA02_r01_boltzgen_egfr_mechA_08   111      5.88       5.43   -0.45   0.89x  fail - acid weakens
mechAd4_02_r01_boltzgen_egfr_mechA_d4_09   137      6.29       6.11   -0.18   0.89x  fail - acid weakens
mechAd4_01_r13_boltzgen_egfr_mechA_d4_18    60      5.98       5.61   -0.37   0.89x  fail - acid weakens
mechA01_r06_boltzgen_egfr_mechA_13    58      6.84       6.72   -0.12   0.88x  fail - acid weakens
mechAd4_02_r01_boltzgen_egfr_mechA_d4_09    78      5.83       4.45   -1.38   0.85x  fail - acid weakens
mechAd4_02_r12_boltzgen_egfr_mechA_d4_06   145      6.88       6.59   -0.29   0.74x  fail - acid weakens
mechAd4_02_r01_boltzgen_egfr_mechA_d4_09   144      6.25       2.91   -3.34   0.69x  fail - acid weakens
mechA02_r08_boltzgen_egfr_mechA_16    13      6.28       4.86   -1.42   0.69x  fail - acid weakens
mechA02_r07_boltzgen_egfr_mechA_19    40      6.28       4.47   -1.81   0.68x  fail - acid weakens
mechAd4_02_r11_boltzgen_egfr_mechA_d4_12   105      6.45       5.54   -0.91   0.64x  fail - acid weakens
mechAd4_01_r07_boltzgen_egfr_mechA_d4_03   103      6.51       5.17   -1.34   0.58x  fail - acid weakens
mechA01_r14_boltzgen_egfr_mechA_14    57      6.83       5.72   -1.11   0.46x  fail - acid weakens
mechAd4_02_r01_boltzgen_egfr_mechA_d4_09   142      6.83       5.11   -1.72   0.42x  fail - acid weakens
mechA02_r17_boltzgen_egfr_mechA_10    63      6.80       3.46   -3.34   0.42x  fail - acid weakens
--------------------------------------------------------------------------------------------
3/49 binder histidines have pKa_bound > pKa_free (across 25 designs).
wrote analysis/01-egfr/phgate_mechA_sites.tsv
